
> portfolio@0.1.0 build
> next build

  Γû▓ Next.js 14.2.35

   Creating an optimized production build ...
 Γ£ô Compiled successfully
   Linting and checking validity of types ...
node.exe : 
At line:1 char:1
+ & "C:\Program Files\
nodejs/node.exe" 
"C:\Program 
Files\nodejs/node_mo 
...
+ ~~~~~~~~~~~~~~~~~~~~
~~~~~~~~~~~~~~~~~~~~~~
~~~~~~~~~~~~~~~~~~~~~~
~~~~~
    + CategoryInfo    
          : 
NotSpecified: (:    
String) [], RemoteExc 
   eption
    + 
FullyQualifiedError   
 Id : 
NativeCommandErr    or
 
Failed to compile.

./src/components/About
.tsx
21:23  Error: `'` can 
be escaped with 
`&apos;`, `&lsquo;`, 
`&#39;`, `&rsquo;`.  r
eact/no-unescaped-enti
ties

./src/components/Conta
ct.tsx
17:16  Error: `'` can 
be escaped with 
`&apos;`, `&lsquo;`, 
`&#39;`, `&rsquo;`.  r
eact/no-unescaped-enti
ties

./src/components/Hero.
tsx
29:31  Error: `'` can 
be escaped with 
`&apos;`, `&lsquo;`, 
`&#39;`, `&rsquo;`.  r
eact/no-unescaped-enti
ties

info  - Need to 
disable some ESLint 
rules? Learn more 
here: https://nextjs.o
rg/docs/basic-features
/eslint#disabling-rule
s
